// Jest Snapshot v1, https://goo.gl/fbAQLP

exports[`LoginDialog should render 1`] = `
<DocumentFragment>
  ;
</DocumentFragment>
`;
